Ww, Ww, Gs, Gs, Gs, Gs, Gs, Gs, Gs, Gg, Gs, Gg, Gs, Gs, Gs, Gs, Gs, Gs, Gs, Gg, Gg, Gg, Gg, Gg, Gg, Gg, Gg
Wo, Ww, Ww, Gs, Gs, Gs, Gs, Gs, Gs, Gs, Gs, Gs, Gs, Gs, Gs, Gs, Gs, Gs, Gs, Gg, Gg, Gg, Gg, Gg^Edt, Gg, Gg, Gs
Ww, Wo, Wo, Ww, Wwf, Gs, Gs, Gs, Gs^Es, Gs, Gs, Gs, Gs, Gs, Gs, 1 Gs, Gs, Gs, Gg, Gg, Mm, Mm, Gg^Efm, Gg, Gs, Gs, Gs
Gs, Ww, Ww, Wo, Wwr, Ww, Mm, Gs, Ds, Gs, Gs, Gs, Gs^Efm, Gs^Efm, Gs, Gs, Gs, Gg, Gg^Esd, Gg, Gg, Gg^Efm, Mm, Gs^Efm, Gs, Gs, Rr
Gs, Gs, Gs, Wwr, Wwf, Wwf, Ww, Ss, Ww, Ds, Ds, Gs, Gs^Es, Gs, Gd, Gd, Gs, Gs, Gs, Gg^Esd, Gs, Gs, Rr, Gs, Gs, Rr, Gs
Gg, Gs, Hh, Gs, Ww, Wo, Wo, Ww^Edb, Ds, Ww, Wo, Gs, Ds^Ewsh, Gd, Gs, Gd, Rr, Gs, Rr, Gs, Rr, Rr, Gs^Eff, Rr, Rr, Rr, Gs
Rrc, Gg, Hh^Es, Hh, Ww, Ds, Ss, Hhd, Sm, Hhd^Tf, Ww, Wo, Wo, Ww, Gd, Rr, Gs, Rr, Gs, Rr, Gd^Eff, Gd^Eff, Re^Gvs, Gs^Eff, Gs^Eff, Gs, Gs
Gg, Rrc, Hh, Ww, Ww, Ds, Gs^Tf, Ss, Sm, Gll^Tf, Ww, Ww, Wo, Gg^Fet, Gd, Rr, Ww, Ww, Ww, Gd, Re^Gvs, Re^Gvs, Re^Gvs, Re^Wm, Gs^Eff, Gs^Eff, Gs
Gg, Rrc, Rrc, Hh^Vhh, Sm, Ww, Ds, Gs^Es, Wo, Sm, Gll^Feth, Ww^Ewl, Ds, Ww, Rr, Rr, Ww, Wo, Wo, Ww^Ewl, Gs^Vc, Re^Gvs, Gs^Eff, Gs^Eff, Gs^Edt, Gs, Gs
Gg, Gg, Rrc, Ds, Ww, Ww, Qxu, Qxu, Ww^Bw/, Wo, Ww, Gs, Rr, Ww^Bsb/, Ww, Ww, Gs^Edb, Gs, Wo, Ww^Ewl, Ww, Gs, Ds, Gs, Gs, Gs, Gs
Gg, Gg, Rrc, Sm, Ww, Ds, Ch, Ch, Gg^Fet, Wo, Ww, Gs, Rr, Ch, Gs, Rd, Gs, Gs^Vh, Gs, Wo, Wo, Ww, Ww, Ww, Wwr, Gs, Gs
Gg, Gg^Es, Ww, Ww^Bsb\, Rrc, Ds, 7 Kh, Ch, Ds^Ewsh, Ds, Hh^Tf, Gg, Rr, Gs, Chr, Chr, Chr, Gs, Gs^Esd, Gs, Wo, Ww, Ww, Wwr, Ww^Ewl, Gs, Ww
Gg, Ww, Ww, Ww, Rrc, Gg, Rb, Gs^Vh, Gs^Fdf, Hh^Tf, Md^Xm, Mm, Rr, Rr, Rr, Gd, Rp, Rp, Rp, Wo, Gs^Fmf, Gs^Fdf, Hhd^Fmf, Ww, Ww, Ww, Gg
Ww, Ww, Gg, Gg, Rrc, Rb, Gs, Rb, Rb, Hh^Fdf, Ur, Ur, Gd, Re^Esd, Ker, Chr, Re, Gs, Wo^Bw|r, Wo, Hhd, Hhd^Fdf, Hhd^Fdf, Ww, Ww, Ww, Ww
Gs, Gs, Gs, Gg, Ch, Rrc, Gs^Fdf, Gs^Fdf, Hh^Fdf, Ur, Mm, Mm, Gd, Gg, Gs, Gs, Ss, Wo, Gs, Hhd, Hhd^Fdf, Hhd, Hhd^Fdf, Gs^Fdf, Gd, Ww, Ww
Gs, Gs, Gs^Efm, Gs^Efm, Rrc, Rrc, Rrc, Gd^Vh, Gs, Hh, Gg, Hh, Gd, Gd, Gd^Vh, Gs, Ss, Wo, Ww, Gs, Hhd^Fdf, Ker, Cer, Re^Esd, Ww^Bw\, Ww, Rrc
Gs^Es, Gs^Es, Gs, Gs, Gg, Rrc, Ch, Rrc, Rrc, Rrc, Rr, Gg, Rr, Sm, Rr, Gs, Wo, Wo, Gs^Fdf, Ww, Ww, Gd^Es, Gs^Fdf, Gs^Fdf, Ww, Rd, Gs
Gs, Gs, Gs^Efm, Gs, Gg, Rrc, Gg, Gg, Gg, Gs, Gg, Rr, Gs^Efm, Wwf, Ww, Wo^Bw\, Re, Gs^Vc, Gs^Fdf, Gs^Fdf, Ww^Bw/r, Re, Gs^Fdf, Gs^Fdf, Ww, Gs, Gs^Es
Gs, Gs, Gs, Gg, Gg, Rrc, Ww, Gg, Ww, Gs^Fp, Gs^Fp, Gg^Efm, Ww, Ww, Hh^Feth, Wo, Wo, Re, Wwf, Gs^Fdf, Ww, Ww, Ww, Ww, Gs, Ww, Gs
Gs, Gs, Gg, Gg, Ww, Ww^Bsb|, Ch, Ww, Gs, Ww, Ww, Ds^Es, Ww, Ds, Gs^Vc, Hh, Hh, Ww, Ds, Wwf, Ds, Ww, Gs, Gs, Gs, Ww, Ww
Gg, Gg, Ww, Ww, Gg, Rrc, Rrc, Gg, Gs, Ds, Ww, Ww^Es, Ww^Ewl, Gs, Gg, Hh, Gs^Esd, Hh, Ds, Gs, Ww, Ww, Ww, Gs, Ww, Ww, Gg
Ww, Ww, Gg, Gg, Gg^Efm, Gg, Rrc, Gg, Gg^Esd, Ds, Gd, Ww, Ww, Wwf, Wwf, Wwf, Ww, Ww, Ww, Ww, Gs^Efm, Ch, Gg, Ww, Ww, Gg, Gg
Gg, Gg, Gg, Gg, Gg, Gg^Efm, Gg, Rrc, Gg, Gd, Gd, Wwf, Ww^Ewl, Wwf, Ww^Ewl, Wwf, Gs, Ds, Gs^Efm, Ds, Ds, Gs^Efm, Gg, Ch, Ww, Gg, Gg
Gg, Gg, Gg^Eff, Gg^Eff, Gg^Eff, Gg, Gg^Edb, Rrc, Gg, Gs^Esd, Gg, Ch, Wwf, Ww, Gs, Gs, Re, Re, Re, Re, Re, Gg, Gg, Gg, Gg^Es, Ww, Gg
Gg^Eff, Gg^Eff, Rb^Gvs, Rb^Gvs, Rb^Gvs, Gg^Eff, Gg^Eff, Rrc, Rrc, Gs^Esd, Gg, Gg, Re, Re, Re, Re, Gs, Ss, Ss, Gg, Gg^Em, Re, Re, Gg, Gg, Ww, Gg
Rb^Gvs, Rb^Gvs, Rb^Gvs, Rb^Gvs, Rb^Gvs, Rb^Gvs, Gg^Eff, Gg^Eff, Rrc, Gg, Rrc, Re, Gg, Gg, Gg, Gg, Hh, Hh^Em, Re^Gvs, Gg, Ch, Gg, Ch, Re, Ch, Ww, Ww
Rb^Gvs, Rb^Gvs, Rb^Gvs, Rb^Gvs, Rb^Gvs, Rb^Gvs, Gg^Eff, Gg^Eff, Rrc, Rrc, Gd, Gll, Gll^Fds, Gs^Fds, Gg, Hh^Es, Re^Gvs, Re^Gvs, Re^Gvs, Re^Gvs, Re^Gvs, Ch, Gg, Ch, 6 Kh, Ch, Ww
Rb^Gvs, Rb^Gvs, Rb^Gvs, Rb^Gvs, Rb^Gvs, Rb^Gvs, Gg^Eff, Gg^Eff, Rrc, Gd, Gd, Gll, Hh, Hh^Fds, Hh, Hh, Re^Gvs, Gg^Vl, Re^Gvs, Re^Gvs, Gg, Gg, Gg, Re, Gg, Gg, Ww
Rb^Gvs, Rb^Gvs, Rb^Gvs, Rb^Gvs, Rb^Gvs, Rb^Gvs, Gg^Eff, Gg^Eff, Rrc, Gd, Hh, Hh, Mm, Mm, Mm, Hh, Hh^Fdw, Re^Gvs, Re^Gvs, Gg, Gg, Gg, Ce, Re, Gg, Ww, Gg
Rb^Gvs, Rb^Gvs, Rb^Gvs, Rb^Gvs, Gs^Vl, Gg^Eff, Gg, Gg, Rrc, Gs, Gg, Hh, Hh, Mm, Hh^Fds, Gs^Fds, Gg, Hh, Hh, Ce, Ce, Ce, Re^Vh, Re, Ww, Ww^Ewl, Gg
Gg^Eff, Rb^Gvs, Gg^Eff, Gg^Eff, Gg, Gg, Gg^Efm, Gg, Rrc, Hh, Gg, Gg, Gg, Hh, Hh^Es, Gll^Fds, Gll, Gg, Hh, Gg, Re, Re, Gg, Ce, Ww, Gg, Gg
Wo, Gg^Eff, Gg, Gg, Gg, Gg, Gg^Efm, Gg, Gg, Rrc, Rrc, Gg^Es, Hh, Gg, Gs^Fds, Hh, Gg, Gg, Re, Re^Vh, Ce, Gg, Gg, Ce, Gg, Ww, Gg
Mm, Wo, Wo^Ewl, Gg, Gg, Gg^Efm, Gg, Gg, Ce, Ce, Rrc, Gg, Gg, Gg, Gg, Gg, Re, Re, Ch, Gd, Gll^Fp, Ce, Gll^Fp, Rr^Vhc, Ww, Ww, Ww
Hh, Mm, Hh, Wo, Wo, Gg, Gg, Gg^Esd, Gg^Vh, Rrc, Gg^Vhc, Gg, Ce, Gg, Gg, Gg^Edt, Re, Gg, Gd^Fp, Gd^Fp, Gll^Fp, Gll^Fp, Gg^Em, Gg, Ww, Gg, Gg
Hh, Mm, Hh, Wo, Wo, Gg, Gg, Ce, Ce, Rrc, Gg, Gg, Ce, Gg, Re, Re, Gg, Gg, Gs^Fms, Gs^Fet, Gll^Fp, Gs^Fms, Gs, Gg, Ww, Gg, Gg
Hh, Hh, Hh, Hh, Gg, Wo, Wo, Gg, Gg, Rrc, Gg^Vhc, Ce, Gg, Rrc, Gg^Esd, Gg^Esd, Gs^Efm, Gg, Gll^Fp, Gll^Fp, Gd, Gs^Vh, Gg, Gg, Ww, Gg, Gg
Hh, Hh, Hh, Hh, Gg, Gg, Wo, Gg, Re, Rrc, Rrc, Gg, Gg, Rrc, Gg^Esd, Gs^Esd, Gs, Gs^Efm, Gg, Gs^Fms, Gd, Gd, Gg, Ww, Gg, Gg, Rrc
Re, Hh, Re, Hh, Gg, Ww^Ewf, Wo, Wwf, Wwf, Gg, Gg, Rrc, Rrc, Rrc, Gg, Gg, Gg, Gg, Gs, Gg, Gg, Gg, Gg, Ww, Rrc, Rrc, Gs
Gg, Re, Gg, Hh, Ww^Bw\r, Ww, Wwf, Wwf, Wwf, Wog, Gg^Fet, Gg, Gg^Fet, Rrc, Gg, Gg, Gg, Gs, Gs, Gg, Gg, Gg, Gg, Gg, Rrc, Gs, Gs
Gg, Gg^Edt, Ww, Ww, Gg, Re, Gg^Es, Wwf, Ss, Wog^Ewl, Wog^Ewl, Gg^Ecf, Qxua, Rrc, Gg, Gg, Gg, Gg, Gg, Gg, Gg, Gg, Gs, Gs, Gs, Rrc, Gs
Gg, Gg, Ww, Gg, Gg^Edt, Gg, Gg, Gg, Ss, Wo, Ww^Ewl, Gg^Fet, Ch, Rrc, Ch, Gg, Gg, Gg, Rrc, Rrc, Rrc, Rrc, Rrc, Rrc, Rrc, Rrc, Gs
Ww, Ww, Gg, Gg, Gg, Gg, Gg, Gg, Gg^Vct, Gg, Gg^Vct, Gg, Gg^Vct, Rrc, Gg^Vct, Gg, Rrc, Rrc, Gg^Vct, Gg^Vct, Gg, Gg, Gg, Gg, Gg^Efm, Gg^Efm, Gg
Gg, Gg, Gg, Gg, Gg, Gg, Gg, Gg^Edt, Gg, Gg^Vct, Gg^Edt, Gg^Edt, Gg, Rrc, Rrc, Rrc, Gg, Gg^Vct, Gg, Gg, Gg, Gg, Gg, Gg, Gg, Gg^Efm, Gg
Gg, Gg, Gg, Gg, Gg, Gg, Gg, Gg, Ch, Ch, Ch, Gg^Vct, Ch, Rrc, Ch, Gg^Vct, Ch, Ch, Ch, Gg^Vct, Gg, Gg, Gg, Gg, Gg, Gg, Gg
Gg, Gg, Gg, Gg, Gg, Gg, Gg, Gg^Vct, Ch, 3 Kh, Ch, Gg^Vct, Gg, Rrc, Gg, Gg^Vct, Ch, 4 Kh, Ch, Gg^Vct, Gg, Gg^Edt, Gg^Es, Gg, Gg, Gg, Gg
Gg, Gg, Gg, Gg, Gg, Gg, Gg, Gg^Vct, Gg, Ch, Gg^Vct, Gg, Rrc, Rrc, Rrc, Gg, Gg^Vct, Ch, Gg, Gg, Gg, Gg, Gg, Gg, Gg, Gg, Gg
Gg, Gg^Edt, Gg^Efm, Gg^Efm, Gg, Gg, Gg, Gg, Gg^Esd, Gg^Vct, Rrc, Rrc, Gg^Vct, Gg^Ecf, Gg^Vct, Rrc, Rrc, Gg^Vct, Gg, Gg, Gg^Edt, Gg, Gg, Gg, Gg^Esd, Gg, Gg
Gg, Gg, Gg^Efm, Gg^Efm, Gg, Gg, Gg, Gg, Rrc, Rrc, Wo, Wo, Wo, Ww, Wo, Wo, Wo, Rrc, Rrc, Gg^Edt, Gg^Edt, Gg, Gg^Esd, Gg^Esd, Gg, Gg, Gg
Rrc, Gg, Rrc, Gg, Rrc, Gg, Rrc, Rrc, Gg, Gg, Wo, Ww^Ewl, Ww, Wo, Ww^Edb, Ww^Ewl, Wo, Gg, Gg, Rrc, Rrc, Gg, Rrc, Gg, Rrc, Gg, Rrc
Ww, Rrc, Ww, Rrc, Ww, Rrc, Ww, Ch, Ww, Ch, Wo, Ww^Es, Ch, 2 Ch, Ch, Ww, Wo, Ch, Ww, Ch, Wo, Rrc, Wo, Rrc, Ww, Rrc, Wo
Ww, Ww^Bsb|, Ww, Ww^Bsb|, Ww, Ww^Bsb|, Ww, Ww, Wo, Wo, Ch, Ch, Isr, Isr^Vhc, Isr^Edt, Ch, Ch, Wo, Wo, Wo, Ww, Wo^Bsb|, Ww, Wo^Bsb|, Wo, Wo^Bsb|, Ww
Isr, Isc, Isc, Isc, Isr, Isc, Isr, Isr^Vhc, Wo, Ch, Isc, Isr^Vhc, Isc, Isc, Isc, Isr^Vhc, Isc, Ch, Wo, Isr^Vhc, Isr^Edt, Isc, Isr, Isc, Isc, Isc, Isr
Isr, Isr, Isc, Isr^Vhc, Isc, Isc, Isc, Isr, Wo^Bsb/, Ch, Isr^Vhc, Isc, Ch, Ch, Ch, Isc, Isr^Vhc, Ch, Wo^Bsb\, Isr^Edt, Isc, Isc, Isc, Isr^Vhc, Isc, Isr, Isr
Gg, Isc, Irs^Vhc, Isc, Ch, Ch, Ch, Isc, Ww, Ch, Isr, Isc, Ch, Kh, Ch, Isc, Isr, Ch, Ww, Isc, Ch, Ch, Ch, Isc, Isr^Vhc, Isc, Irs
